TLC2 Version 2.19 of 08 August 2024 (rev: 5a47802)
Running breadth-first search Model-Checking with fp 107 and seed -1148490264539459461 with 4 workers on 4 cores with 3575MB heap and 64MB offheap memory [pid: 2158] (Linux 6.18.5 amd64, Ubuntu 21.0.10 x86_64, MSBDiskFPSet, DiskStateQueue).
Parsing file /home/user/DDR-Verifiable-Distributed-Operating-System-/specs/DDRConsensus.tla
Parsing file /tmp/Integers.tla
Parsing file /tmp/FiniteSets.tla
Parsing file /tmp/Naturals.tla
Parsing file /tmp/Sequences.tla
Semantic processing of module Naturals
Semantic processing of module Integers
Semantic processing of module Sequences
Semantic processing of module FiniteSets
Semantic processing of module DDRConsensus
Starting... (2026-06-02 22:38:41)
Computing initial states...
Finished computing initial states: 1 distinct state generated at 2026-06-02 22:38:41.
Progress(4) at 2026-06-02 22:38:44: 15,676 states generated (15,676 s/min), 837 distinct states found (837 ds/min), 748 states left on queue.
Model checking completed. No error has been found.
  Estimates of the probability that TLC did not check all reachable states
  because two distinct states had the same fingerprint:
  calculated (optimistic):  val = 1.4E-10
  based on the actual fingerprints:  val = 1.7E-11
235144 states generated, 11615 distinct states found, 0 states left on queue.
The depth of the complete state graph search is 4.
The average outdegree of the complete state graph is 1 (minimum is 0, the maximum 31 and the 95th percentile is 17).
Finished in 20s at (2026-06-02 22:39:01)
