TLC2 Version 2.19 of 08 August 2024 (rev: 5a47802)
Running breadth-first search Model-Checking with fp 91 and seed -6898361027816463908 with 4 workers on 4 cores with 3575MB heap and 64MB offheap memory [pid: 3163] (Linux 6.18.5 amd64, Ubuntu 21.0.10 x86_64, MSBDiskFPSet, DiskStateQueue).
Parsing file /home/user/DDR-Verifiable-Distributed-Operating-System-/specs/DDRConsensus.tla
Parsing file /tmp/Integers.tla
Parsing file /tmp/FiniteSets.tla
Parsing file /tmp/Naturals.tla
Parsing file /tmp/Sequences.tla
Semantic processing of module Naturals
Semantic processing of module Integers
Semantic processing of module Sequences
Semantic processing of module FiniteSets
Semantic processing of module DDRConsensus
Starting... (2026-06-03 03:09:54)
Computing initial states...
Finished computing initial states: 1 distinct state generated at 2026-06-03 03:09:55.
Model checking completed. No error has been found.
  Estimates of the probability that TLC did not check all reachable states
  because two distinct states had the same fingerprint:
  calculated (optimistic):  val = 8.7E-13
11639 states generated, 1597 distinct states found, 0 states left on queue.
The depth of the complete state graph search is 5.
The average outdegree of the complete state graph is 1 (minimum is 0, the maximum 8 and the 95th percentile is 5).
Finished in 02s at (2026-06-03 03:09:56)
